2025-10-27 12:33:53 [ERROR]: uncaughtException: write EPIPE
Error: write EPIPE
    at afterWriteDispatched (node:internal/stream_base_commons:160:15)
    at writeGeneric (node:internal/stream_base_commons:151:3)
    at Socket._writeGeneric (node:net:823:11)
    at Socket._write (node:net:835:8)
    at writeOrBuffer (node:internal/streams/writable:390:12)
    at _write (node:internal/streams/writable:331:10)
    at Writable.write (node:internal/streams/writable:335:10)
    at console.value (node:internal/console/constructor:286:16)
    at console.log (node:internal/console/constructor:360:26)
    at gracefulShutdown (/home/dragon/telcalling_v1/index.js:317:15) | {"error":{"errno":-32,"code":"EPIPE","syscall":"write"},"exception":true,"date":"Mon Oct 27 2025 12:33:53 GMT+0530 (India Standard Time)","process":{"pid":9461,"uid":1000,"gid":1000,"cwd":"/home/dragon/telcalling_v1","execPath":"/home/dragon/.nvm/versions/node/v18.0.0/bin/node","version":"v18.0.0","argv":["/home/dragon/.nvm/versions/node/v18.0.0/bin/node","/home/dragon/telcalling_v1/index.js"],"memoryUsage":{"rss":94187520,"heapTotal":42409984,"heapUsed":38799656,"external":22195430,"arrayBuffers":21379729}},"os":{"loadavg":[1.7,1.97,1.06],"uptime":617.97},"trace":[{"column":15,"file":"node:internal/stream_base_commons","function":"afterWriteDispatched","line":160,"method":null,"native":false},{"column":3,"file":"node:internal/stream_base_commons","function":"writeGeneric","line":151,"method":null,"native":false},{"column":11,"file":"node:net","function":"Socket._writeGeneric","line":823,"method":"_writeGeneric","native":false},{"column":8,"file":"node:net","function":"Socket._write","line":835,"method":"_write","native":false},{"column":12,"file":"node:internal/streams/writable","function":"writeOrBuffer","line":390,"method":null,"native":false},{"column":10,"file":"node:internal/streams/writable","function":"_write","line":331,"method":null,"native":false},{"column":10,"file":"node:internal/streams/writable","function":"Writable.write","line":335,"method":"write","native":false},{"column":16,"file":"node:internal/console/constructor","function":"console.value","line":286,"method":"value","native":false},{"column":26,"file":"node:internal/console/constructor","function":"console.log","line":360,"method":"log","native":false},{"column":15,"file":"/home/dragon/telcalling_v1/index.js","function":"gracefulShutdown","line":317,"method":null,"native":false}]}
Error: write EPIPE
    at afterWriteDispatched (node:internal/stream_base_commons:160:15)
    at writeGeneric (node:internal/stream_base_commons:151:3)
    at Socket._writeGeneric (node:net:823:11)
    at Socket._write (node:net:835:8)
    at writeOrBuffer (node:internal/streams/writable:390:12)
    at _write (node:internal/streams/writable:331:10)
    at Writable.write (node:internal/streams/writable:335:10)
    at console.value (node:internal/console/constructor:286:16)
    at console.log (node:internal/console/constructor:360:26)
    at gracefulShutdown (/home/dragon/telcalling_v1/index.js:317:15)
