2025-10-25 00:22:44 [ERROR]: uncaughtException: write EPIPE
Error: write EPIPE
    at afterWriteDispatched (node:internal/stream_base_commons:160:15)
    at writeGeneric (node:internal/stream_base_commons:151:3)
    at Socket._writeGeneric (node:net:823:11)
    at Socket._write (node:net:835:8)
    at writeOrBuffer (node:internal/streams/writable:390:12)
    at _write (node:internal/streams/writable:331:10)
    at Writable.write (node:internal/streams/writable:335:10)
    at console.value (node:internal/console/constructor:286:16)
    at console.log (node:internal/console/constructor:360:26)
    at gracefulShutdown (/home/dragon/telcalling_v1/index.js:309:15) | {"error":{"errno":-32,"code":"EPIPE","syscall":"write"},"exception":true,"date":"Sat Oct 25 2025 00:22:44 GMT+0530 (India Standard Time)","process":{"pid":19863,"uid":1000,"gid":1000,"cwd":"/home/dragon/telcalling_v1","execPath":"/home/dragon/.nvm/versions/node/v18.0.0/bin/node","version":"v18.0.0","argv":["/home/dragon/.nvm/versions/node/v18.0.0/bin/node","/home/dragon/telcalling_v1/index.js"],"memoryUsage":{"rss":117760000,"heapTotal":62500864,"heapUsed":43620096,"external":22710607,"arrayBuffers":21822828}},"os":{"loadavg":[1.71,2.15,1.59],"uptime":1571.66},"trace":[{"column":15,"file":"node:internal/stream_base_commons","function":"afterWriteDispatched","line":160,"method":null,"native":false},{"column":3,"file":"node:internal/stream_base_commons","function":"writeGeneric","line":151,"method":null,"native":false},{"column":11,"file":"node:net","function":"Socket._writeGeneric","line":823,"method":"_writeGeneric","native":false},{"column":8,"file":"node:net","function":"Socket._write","line":835,"method":"_write","native":false},{"column":12,"file":"node:internal/streams/writable","function":"writeOrBuffer","line":390,"method":null,"native":false},{"column":10,"file":"node:internal/streams/writable","function":"_write","line":331,"method":null,"native":false},{"column":10,"file":"node:internal/streams/writable","function":"Writable.write","line":335,"method":"write","native":false},{"column":16,"file":"node:internal/console/constructor","function":"console.value","line":286,"method":"value","native":false},{"column":26,"file":"node:internal/console/constructor","function":"console.log","line":360,"method":"log","native":false},{"column":15,"file":"/home/dragon/telcalling_v1/index.js","function":"gracefulShutdown","line":309,"method":null,"native":false}]}
Error: write EPIPE
    at afterWriteDispatched (node:internal/stream_base_commons:160:15)
    at writeGeneric (node:internal/stream_base_commons:151:3)
    at Socket._writeGeneric (node:net:823:11)
    at Socket._write (node:net:835:8)
    at writeOrBuffer (node:internal/streams/writable:390:12)
    at _write (node:internal/streams/writable:331:10)
    at Writable.write (node:internal/streams/writable:335:10)
    at console.value (node:internal/console/constructor:286:16)
    at console.log (node:internal/console/constructor:360:26)
    at gracefulShutdown (/home/dragon/telcalling_v1/index.js:309:15)
2025-10-25 13:56:55 [ERROR]: uncaughtException: Route.put() requires a callback function but got a [object Undefined]
Error: Route.put() requires a callback function but got a [object Undefined]
    at Route.<computed> [as put] (/home/dragon/telcalling_v1/node_modules/express/lib/router/route.js:216:15)
    at proto.<computed> [as put] (/home/dragon/telcalling_v1/node_modules/express/lib/router/index.js:521:19)
    at Object.<anonymous> (/home/dragon/telcalling_v1/routes/admin.js:36:8)
    at Module._compile (node:internal/modules/cjs/loader:1105:14)
    at Module._extensions..js (node:internal/modules/cjs/loader:1159:10)
    at Module.load (node:internal/modules/cjs/loader:981:32)
    at Module._load (node:internal/modules/cjs/loader:827:12)
    at Module.require (node:internal/modules/cjs/loader:1005:19)
    at require (node:internal/modules/cjs/helpers:102:18)
    at Object.<anonymous> (/home/dragon/telcalling_v1/index.js:18:21) | {"error":{},"exception":true,"date":"Sat Oct 25 2025 13:56:55 GMT+0530 (India Standard Time)","process":{"pid":13302,"uid":1000,"gid":1000,"cwd":"/home/dragon/telcalling_v1","execPath":"/home/dragon/.nvm/versions/node/v18.0.0/bin/node","version":"v18.0.0","argv":["/home/dragon/.nvm/versions/node/v18.0.0/bin/node","/home/dragon/telcalling_v1/index.js"],"memoryUsage":{"rss":108818432,"heapTotal":76898304,"heapUsed":48221496,"external":22175178,"arrayBuffers":21404765}},"os":{"loadavg":[1.32,1.59,1.02],"uptime":9222.09},"trace":[{"column":15,"file":"/home/dragon/telcalling_v1/node_modules/express/lib/router/route.js","function":"Route.<computed> [as put]","line":216,"method":"<computed> [as put]","native":false},{"column":19,"file":"/home/dragon/telcalling_v1/node_modules/express/lib/router/index.js","function":"proto.<computed> [as put]","line":521,"method":"<computed> [as put]","native":false},{"column":8,"file":"/home/dragon/telcalling_v1/routes/admin.js","function":null,"line":36,"method":null,"native":false},{"column":14,"file":"node:internal/modules/cjs/loader","function":"Module._compile","line":1105,"method":"_compile","native":false},{"column":10,"file":"node:internal/modules/cjs/loader","function":"Module._extensions..js","line":1159,"method":".js","native":false},{"column":32,"file":"node:internal/modules/cjs/loader","function":"Module.load","line":981,"method":"load","native":false},{"column":12,"file":"node:internal/modules/cjs/loader","function":"Module._load","line":827,"method":"_load","native":false},{"column":19,"file":"node:internal/modules/cjs/loader","function":"Module.require","line":1005,"method":"require","native":false},{"column":18,"file":"node:internal/modules/cjs/helpers","function":"require","line":102,"method":null,"native":false},{"column":21,"file":"/home/dragon/telcalling_v1/index.js","function":null,"line":18,"method":null,"native":false}]}
Error: Route.put() requires a callback function but got a [object Undefined]
    at Route.<computed> [as put] (/home/dragon/telcalling_v1/node_modules/express/lib/router/route.js:216:15)
    at proto.<computed> [as put] (/home/dragon/telcalling_v1/node_modules/express/lib/router/index.js:521:19)
    at Object.<anonymous> (/home/dragon/telcalling_v1/routes/admin.js:36:8)
    at Module._compile (node:internal/modules/cjs/loader:1105:14)
    at Module._extensions..js (node:internal/modules/cjs/loader:1159:10)
    at Module.load (node:internal/modules/cjs/loader:981:32)
    at Module._load (node:internal/modules/cjs/loader:827:12)
    at Module.require (node:internal/modules/cjs/loader:1005:19)
    at require (node:internal/modules/cjs/helpers:102:18)
    at Object.<anonymous> (/home/dragon/telcalling_v1/index.js:18:21)
2025-10-25 13:57:05 [ERROR]: uncaughtException: Route.put() requires a callback function but got a [object Undefined]
Error: Route.put() requires a callback function but got a [object Undefined]
    at Route.<computed> [as put] (/home/dragon/telcalling_v1/node_modules/express/lib/router/route.js:216:15)
    at proto.<computed> [as put] (/home/dragon/telcalling_v1/node_modules/express/lib/router/index.js:521:19)
    at Object.<anonymous> (/home/dragon/telcalling_v1/routes/admin.js:36:8)
    at Module._compile (node:internal/modules/cjs/loader:1105:14)
    at Module._extensions..js (node:internal/modules/cjs/loader:1159:10)
    at Module.load (node:internal/modules/cjs/loader:981:32)
    at Module._load (node:internal/modules/cjs/loader:827:12)
    at Module.require (node:internal/modules/cjs/loader:1005:19)
    at require (node:internal/modules/cjs/helpers:102:18)
    at Object.<anonymous> (/home/dragon/telcalling_v1/index.js:18:21) | {"error":{},"exception":true,"date":"Sat Oct 25 2025 13:57:05 GMT+0530 (India Standard Time)","process":{"pid":13387,"uid":1000,"gid":1000,"cwd":"/home/dragon/telcalling_v1","execPath":"/home/dragon/.nvm/versions/node/v18.0.0/bin/node","version":"v18.0.0","argv":["/home/dragon/.nvm/versions/node/v18.0.0/bin/node","/home/dragon/telcalling_v1/index.js"],"memoryUsage":{"rss":110845952,"heapTotal":76627968,"heapUsed":48089160,"external":22226495,"arrayBuffers":21456082}},"os":{"loadavg":[1.75,1.67,1.05],"uptime":9232.15},"trace":[{"column":15,"file":"/home/dragon/telcalling_v1/node_modules/express/lib/router/route.js","function":"Route.<computed> [as put]","line":216,"method":"<computed> [as put]","native":false},{"column":19,"file":"/home/dragon/telcalling_v1/node_modules/express/lib/router/index.js","function":"proto.<computed> [as put]","line":521,"method":"<computed> [as put]","native":false},{"column":8,"file":"/home/dragon/telcalling_v1/routes/admin.js","function":null,"line":36,"method":null,"native":false},{"column":14,"file":"node:internal/modules/cjs/loader","function":"Module._compile","line":1105,"method":"_compile","native":false},{"column":10,"file":"node:internal/modules/cjs/loader","function":"Module._extensions..js","line":1159,"method":".js","native":false},{"column":32,"file":"node:internal/modules/cjs/loader","function":"Module.load","line":981,"method":"load","native":false},{"column":12,"file":"node:internal/modules/cjs/loader","function":"Module._load","line":827,"method":"_load","native":false},{"column":19,"file":"node:internal/modules/cjs/loader","function":"Module.require","line":1005,"method":"require","native":false},{"column":18,"file":"node:internal/modules/cjs/helpers","function":"require","line":102,"method":null,"native":false},{"column":21,"file":"/home/dragon/telcalling_v1/index.js","function":null,"line":18,"method":null,"native":false}]}
Error: Route.put() requires a callback function but got a [object Undefined]
    at Route.<computed> [as put] (/home/dragon/telcalling_v1/node_modules/express/lib/router/route.js:216:15)
    at proto.<computed> [as put] (/home/dragon/telcalling_v1/node_modules/express/lib/router/index.js:521:19)
    at Object.<anonymous> (/home/dragon/telcalling_v1/routes/admin.js:36:8)
    at Module._compile (node:internal/modules/cjs/loader:1105:14)
    at Module._extensions..js (node:internal/modules/cjs/loader:1159:10)
    at Module.load (node:internal/modules/cjs/loader:981:32)
    at Module._load (node:internal/modules/cjs/loader:827:12)
    at Module.require (node:internal/modules/cjs/loader:1005:19)
    at require (node:internal/modules/cjs/helpers:102:18)
    at Object.<anonymous> (/home/dragon/telcalling_v1/index.js:18:21)
2025-10-25 14:35:28 [ERROR]: uncaughtException: write EPIPE
Error: write EPIPE
    at afterWriteDispatched (node:internal/stream_base_commons:160:15)
    at writeGeneric (node:internal/stream_base_commons:151:3)
    at Socket._writeGeneric (node:net:823:11)
    at Socket._write (node:net:835:8)
    at writeOrBuffer (node:internal/streams/writable:390:12)
    at _write (node:internal/streams/writable:331:10)
    at Writable.write (node:internal/streams/writable:335:10)
    at console.value (node:internal/console/constructor:286:16)
    at console.log (node:internal/console/constructor:360:26)
    at requireAnyRole (/home/dragon/telcalling_v1/middleware/auth.js:107:11) | {"error":{"errno":-32,"code":"EPIPE","syscall":"write"},"exception":true,"date":"Sat Oct 25 2025 14:35:28 GMT+0530 (India Standard Time)","process":{"pid":22462,"uid":1000,"gid":1000,"cwd":"/home/dragon/telcalling_v1","execPath":"/home/dragon/.nvm/versions/node/v18.0.0/bin/node","version":"v18.0.0","argv":["/home/dragon/.nvm/versions/node/v18.0.0/bin/node","/home/dragon/telcalling_v1/index.js"],"memoryUsage":{"rss":124301312,"heapTotal":53309440,"heapUsed":50681928,"external":23323297,"arrayBuffers":22534161}},"os":{"loadavg":[2.66,6.55,4.88],"uptime":11535.11},"trace":[{"column":15,"file":"node:internal/stream_base_commons","function":"afterWriteDispatched","line":160,"method":null,"native":false},{"column":3,"file":"node:internal/stream_base_commons","function":"writeGeneric","line":151,"method":null,"native":false},{"column":11,"file":"node:net","function":"Socket._writeGeneric","line":823,"method":"_writeGeneric","native":false},{"column":8,"file":"node:net","function":"Socket._write","line":835,"method":"_write","native":false},{"column":12,"file":"node:internal/streams/writable","function":"writeOrBuffer","line":390,"method":null,"native":false},{"column":10,"file":"node:internal/streams/writable","function":"_write","line":331,"method":null,"native":false},{"column":10,"file":"node:internal/streams/writable","function":"Writable.write","line":335,"method":"write","native":false},{"column":16,"file":"node:internal/console/constructor","function":"console.value","line":286,"method":"value","native":false},{"column":26,"file":"node:internal/console/constructor","function":"console.log","line":360,"method":"log","native":false},{"column":11,"file":"/home/dragon/telcalling_v1/middleware/auth.js","function":"requireAnyRole","line":107,"method":null,"native":false}]}
Error: write EPIPE
    at afterWriteDispatched (node:internal/stream_base_commons:160:15)
    at writeGeneric (node:internal/stream_base_commons:151:3)
    at Socket._writeGeneric (node:net:823:11)
    at Socket._write (node:net:835:8)
    at writeOrBuffer (node:internal/streams/writable:390:12)
    at _write (node:internal/streams/writable:331:10)
    at Writable.write (node:internal/streams/writable:335:10)
    at console.value (node:internal/console/constructor:286:16)
    at console.log (node:internal/console/constructor:360:26)
    at requireAnyRole (/home/dragon/telcalling_v1/middleware/auth.js:107:11)
2025-10-25 15:33:06 [ERROR]: uncaughtException: listen EADDRINUSE: address already in use :::3000
Error: listen EADDRINUSE: address already in use :::3000
    at Server.setupListenHandle [as _listen2] (node:net:1380:16)
    at listenInCluster (node:net:1428:12)
    at Server.listen (node:net:1516:7)
    at Function.listen (/home/dragon/telcalling_v1/node_modules/express/lib/application.js:635:24)
    at startServer (/home/dragon/telcalling_v1/index.js:296:24)
    at process.processTicksAndRejections (node:internal/process/task_queues:95:5) | {"error":{"code":"EADDRINUSE","errno":-98,"syscall":"listen","address":"::","port":3000},"exception":true,"date":"Sat Oct 25 2025 15:33:06 GMT+0530 (India Standard Time)","process":{"pid":71446,"uid":1000,"gid":1000,"cwd":"/home/dragon/telcalling_v1","execPath":"/home/dragon/.nvm/versions/node/v18.0.0/bin/node","version":"v18.0.0","argv":["/home/dragon/.nvm/versions/node/v18.0.0/bin/node","/home/dragon/telcalling_v1/index.js"],"memoryUsage":{"rss":108568576,"heapTotal":73867264,"heapUsed":38668856,"external":22137269,"arrayBuffers":21348890}},"os":{"loadavg":[1.65,2.19,2.37],"uptime":14992.74},"trace":[{"column":16,"file":"node:net","function":"Server.setupListenHandle [as _listen2]","line":1380,"method":"setupListenHandle [as _listen2]","native":false},{"column":12,"file":"node:net","function":"listenInCluster","line":1428,"method":null,"native":false},{"column":7,"file":"node:net","function":"Server.listen","line":1516,"method":"listen","native":false},{"column":24,"file":"/home/dragon/telcalling_v1/node_modules/express/lib/application.js","function":"Function.listen","line":635,"method":"listen","native":false},{"column":24,"file":"/home/dragon/telcalling_v1/index.js","function":"startServer","line":296,"method":null,"native":false},{"column":5,"file":"node:internal/process/task_queues","function":"process.processTicksAndRejections","line":95,"method":"processTicksAndRejections","native":false}]}
Error: listen EADDRINUSE: address already in use :::3000
    at Server.setupListenHandle [as _listen2] (node:net:1380:16)
    at listenInCluster (node:net:1428:12)
    at Server.listen (node:net:1516:7)
    at Function.listen (/home/dragon/telcalling_v1/node_modules/express/lib/application.js:635:24)
    at startServer (/home/dragon/telcalling_v1/index.js:296:24)
    at process.processTicksAndRejections (node:internal/process/task_queues:95:5)
2025-10-25 15:35:23 [ERROR]: uncaughtException: listen EADDRINUSE: address already in use :::3000
Error: listen EADDRINUSE: address already in use :::3000
    at Server.setupListenHandle [as _listen2] (node:net:1380:16)
    at listenInCluster (node:net:1428:12)
    at Server.listen (node:net:1516:7)
    at Function.listen (/home/dragon/telcalling_v1/node_modules/express/lib/application.js:635:24)
    at startServer (/home/dragon/telcalling_v1/index.js:296:24)
    at process.processTicksAndRejections (node:internal/process/task_queues:95:5) | {"error":{"code":"EADDRINUSE","errno":-98,"syscall":"listen","address":"::","port":3000},"exception":true,"date":"Sat Oct 25 2025 15:35:23 GMT+0530 (India Standard Time)","process":{"pid":72753,"uid":1000,"gid":1000,"cwd":"/home/dragon/telcalling_v1","execPath":"/home/dragon/.nvm/versions/node/v18.0.0/bin/node","version":"v18.0.0","argv":["/home/dragon/.nvm/versions/node/v18.0.0/bin/node","/home/dragon/telcalling_v1/index.js"],"memoryUsage":{"rss":110186496,"heapTotal":73867264,"heapUsed":38651120,"external":22137269,"arrayBuffers":21348890}},"os":{"loadavg":[1.65,2.01,2.28],"uptime":15130.46},"trace":[{"column":16,"file":"node:net","function":"Server.setupListenHandle [as _listen2]","line":1380,"method":"setupListenHandle [as _listen2]","native":false},{"column":12,"file":"node:net","function":"listenInCluster","line":1428,"method":null,"native":false},{"column":7,"file":"node:net","function":"Server.listen","line":1516,"method":"listen","native":false},{"column":24,"file":"/home/dragon/telcalling_v1/node_modules/express/lib/application.js","function":"Function.listen","line":635,"method":"listen","native":false},{"column":24,"file":"/home/dragon/telcalling_v1/index.js","function":"startServer","line":296,"method":null,"native":false},{"column":5,"file":"node:internal/process/task_queues","function":"process.processTicksAndRejections","line":95,"method":"processTicksAndRejections","native":false}]}
Error: listen EADDRINUSE: address already in use :::3000
    at Server.setupListenHandle [as _listen2] (node:net:1380:16)
    at listenInCluster (node:net:1428:12)
    at Server.listen (node:net:1516:7)
    at Function.listen (/home/dragon/telcalling_v1/node_modules/express/lib/application.js:635:24)
    at startServer (/home/dragon/telcalling_v1/index.js:296:24)
    at process.processTicksAndRejections (node:internal/process/task_queues:95:5)
2025-10-25 15:35:29 [ERROR]: uncaughtException: listen EADDRINUSE: address already in use :::3000
Error: listen EADDRINUSE: address already in use :::3000
    at Server.setupListenHandle [as _listen2] (node:net:1380:16)
    at listenInCluster (node:net:1428:12)
    at Server.listen (node:net:1516:7)
    at Function.listen (/home/dragon/telcalling_v1/node_modules/express/lib/application.js:635:24)
    at startServer (/home/dragon/telcalling_v1/index.js:296:24)
    at process.processTicksAndRejections (node:internal/process/task_queues:95:5) | {"error":{"code":"EADDRINUSE","errno":-98,"syscall":"listen","address":"::","port":3000},"exception":true,"date":"Sat Oct 25 2025 15:35:29 GMT+0530 (India Standard Time)","process":{"pid":72847,"uid":1000,"gid":1000,"cwd":"/home/dragon/telcalling_v1","execPath":"/home/dragon/.nvm/versions/node/v18.0.0/bin/node","version":"v18.0.0","argv":["/home/dragon/.nvm/versions/node/v18.0.0/bin/node","/home/dragon/telcalling_v1/index.js"],"memoryUsage":{"rss":107106304,"heapTotal":73867264,"heapUsed":38686520,"external":22137269,"arrayBuffers":21348890}},"os":{"loadavg":[1.6,2,2.27],"uptime":15136.12},"trace":[{"column":16,"file":"node:net","function":"Server.setupListenHandle [as _listen2]","line":1380,"method":"setupListenHandle [as _listen2]","native":false},{"column":12,"file":"node:net","function":"listenInCluster","line":1428,"method":null,"native":false},{"column":7,"file":"node:net","function":"Server.listen","line":1516,"method":"listen","native":false},{"column":24,"file":"/home/dragon/telcalling_v1/node_modules/express/lib/application.js","function":"Function.listen","line":635,"method":"listen","native":false},{"column":24,"file":"/home/dragon/telcalling_v1/index.js","function":"startServer","line":296,"method":null,"native":false},{"column":5,"file":"node:internal/process/task_queues","function":"process.processTicksAndRejections","line":95,"method":"processTicksAndRejections","native":false}]}
Error: listen EADDRINUSE: address already in use :::3000
    at Server.setupListenHandle [as _listen2] (node:net:1380:16)
    at listenInCluster (node:net:1428:12)
    at Server.listen (node:net:1516:7)
    at Function.listen (/home/dragon/telcalling_v1/node_modules/express/lib/application.js:635:24)
    at startServer (/home/dragon/telcalling_v1/index.js:296:24)
    at process.processTicksAndRejections (node:internal/process/task_queues:95:5)
2025-10-25 15:35:38 [ERROR]: uncaughtException: listen EADDRINUSE: address already in use :::3000
Error: listen EADDRINUSE: address already in use :::3000
    at Server.setupListenHandle [as _listen2] (node:net:1380:16)
    at listenInCluster (node:net:1428:12)
    at Server.listen (node:net:1516:7)
    at Function.listen (/home/dragon/telcalling_v1/node_modules/express/lib/application.js:635:24)
    at startServer (/home/dragon/telcalling_v1/index.js:296:24)
    at process.processTicksAndRejections (node:internal/process/task_queues:95:5) | {"error":{"code":"EADDRINUSE","errno":-98,"syscall":"listen","address":"::","port":3000},"exception":true,"date":"Sat Oct 25 2025 15:35:38 GMT+0530 (India Standard Time)","process":{"pid":72991,"uid":1000,"gid":1000,"cwd":"/home/dragon/telcalling_v1","execPath":"/home/dragon/.nvm/versions/node/v18.0.0/bin/node","version":"v18.0.0","argv":["/home/dragon/.nvm/versions/node/v18.0.0/bin/node","/home/dragon/telcalling_v1/index.js"],"memoryUsage":{"rss":107286528,"heapTotal":73605120,"heapUsed":38610976,"external":22137269,"arrayBuffers":21348890}},"os":{"loadavg":[1.67,2,2.27],"uptime":15145.47},"trace":[{"column":16,"file":"node:net","function":"Server.setupListenHandle [as _listen2]","line":1380,"method":"setupListenHandle [as _listen2]","native":false},{"column":12,"file":"node:net","function":"listenInCluster","line":1428,"method":null,"native":false},{"column":7,"file":"node:net","function":"Server.listen","line":1516,"method":"listen","native":false},{"column":24,"file":"/home/dragon/telcalling_v1/node_modules/express/lib/application.js","function":"Function.listen","line":635,"method":"listen","native":false},{"column":24,"file":"/home/dragon/telcalling_v1/index.js","function":"startServer","line":296,"method":null,"native":false},{"column":5,"file":"node:internal/process/task_queues","function":"process.processTicksAndRejections","line":95,"method":"processTicksAndRejections","native":false}]}
Error: listen EADDRINUSE: address already in use :::3000
    at Server.setupListenHandle [as _listen2] (node:net:1380:16)
    at listenInCluster (node:net:1428:12)
    at Server.listen (node:net:1516:7)
    at Function.listen (/home/dragon/telcalling_v1/node_modules/express/lib/application.js:635:24)
    at startServer (/home/dragon/telcalling_v1/index.js:296:24)
    at process.processTicksAndRejections (node:internal/process/task_queues:95:5)
2025-10-25 15:35:43 [ERROR]: uncaughtException: listen EADDRINUSE: address already in use :::3000
Error: listen EADDRINUSE: address already in use :::3000
    at Server.setupListenHandle [as _listen2] (node:net:1380:16)
    at listenInCluster (node:net:1428:12)
    at Server.listen (node:net:1516:7)
    at Function.listen (/home/dragon/telcalling_v1/node_modules/express/lib/application.js:635:24)
    at startServer (/home/dragon/telcalling_v1/index.js:296:24)
    at process.processTicksAndRejections (node:internal/process/task_queues:95:5) | {"error":{"code":"EADDRINUSE","errno":-98,"syscall":"listen","address":"::","port":3000},"exception":true,"date":"Sat Oct 25 2025 15:35:43 GMT+0530 (India Standard Time)","process":{"pid":73053,"uid":1000,"gid":1000,"cwd":"/home/dragon/telcalling_v1","execPath":"/home/dragon/.nvm/versions/node/v18.0.0/bin/node","version":"v18.0.0","argv":["/home/dragon/.nvm/versions/node/v18.0.0/bin/node","/home/dragon/telcalling_v1/index.js"],"memoryUsage":{"rss":110567424,"heapTotal":74129408,"heapUsed":38640304,"external":22137269,"arrayBuffers":21348890}},"os":{"loadavg":[2.26,2.11,2.31],"uptime":15149.57},"trace":[{"column":16,"file":"node:net","function":"Server.setupListenHandle [as _listen2]","line":1380,"method":"setupListenHandle [as _listen2]","native":false},{"column":12,"file":"node:net","function":"listenInCluster","line":1428,"method":null,"native":false},{"column":7,"file":"node:net","function":"Server.listen","line":1516,"method":"listen","native":false},{"column":24,"file":"/home/dragon/telcalling_v1/node_modules/express/lib/application.js","function":"Function.listen","line":635,"method":"listen","native":false},{"column":24,"file":"/home/dragon/telcalling_v1/index.js","function":"startServer","line":296,"method":null,"native":false},{"column":5,"file":"node:internal/process/task_queues","function":"process.processTicksAndRejections","line":95,"method":"processTicksAndRejections","native":false}]}
Error: listen EADDRINUSE: address already in use :::3000
    at Server.setupListenHandle [as _listen2] (node:net:1380:16)
    at listenInCluster (node:net:1428:12)
    at Server.listen (node:net:1516:7)
    at Function.listen (/home/dragon/telcalling_v1/node_modules/express/lib/application.js:635:24)
    at startServer (/home/dragon/telcalling_v1/index.js:296:24)
    at process.processTicksAndRejections (node:internal/process/task_queues:95:5)
2025-10-25 15:35:53 [ERROR]: uncaughtException: listen EADDRINUSE: address already in use :::3000
Error: listen EADDRINUSE: address already in use :::3000
    at Server.setupListenHandle [as _listen2] (node:net:1380:16)
    at listenInCluster (node:net:1428:12)
    at Server.listen (node:net:1516:7)
    at Function.listen (/home/dragon/telcalling_v1/node_modules/express/lib/application.js:635:24)
    at startServer (/home/dragon/telcalling_v1/index.js:296:24)
    at process.processTicksAndRejections (node:internal/process/task_queues:95:5) | {"error":{"code":"EADDRINUSE","errno":-98,"syscall":"listen","address":"::","port":3000},"exception":true,"date":"Sat Oct 25 2025 15:35:53 GMT+0530 (India Standard Time)","process":{"pid":73155,"uid":1000,"gid":1000,"cwd":"/home/dragon/telcalling_v1","execPath":"/home/dragon/.nvm/versions/node/v18.0.0/bin/node","version":"v18.0.0","argv":["/home/dragon/.nvm/versions/node/v18.0.0/bin/node","/home/dragon/telcalling_v1/index.js"],"memoryUsage":{"rss":108281856,"heapTotal":73867264,"heapUsed":38732112,"external":22137269,"arrayBuffers":21348890}},"os":{"loadavg":[2.13,2.09,2.3],"uptime":15159.59},"trace":[{"column":16,"file":"node:net","function":"Server.setupListenHandle [as _listen2]","line":1380,"method":"setupListenHandle [as _listen2]","native":false},{"column":12,"file":"node:net","function":"listenInCluster","line":1428,"method":null,"native":false},{"column":7,"file":"node:net","function":"Server.listen","line":1516,"method":"listen","native":false},{"column":24,"file":"/home/dragon/telcalling_v1/node_modules/express/lib/application.js","function":"Function.listen","line":635,"method":"listen","native":false},{"column":24,"file":"/home/dragon/telcalling_v1/index.js","function":"startServer","line":296,"method":null,"native":false},{"column":5,"file":"node:internal/process/task_queues","function":"process.processTicksAndRejections","line":95,"method":"processTicksAndRejections","native":false}]}
Error: listen EADDRINUSE: address already in use :::3000
    at Server.setupListenHandle [as _listen2] (node:net:1380:16)
    at listenInCluster (node:net:1428:12)
    at Server.listen (node:net:1516:7)
    at Function.listen (/home/dragon/telcalling_v1/node_modules/express/lib/application.js:635:24)
    at startServer (/home/dragon/telcalling_v1/index.js:296:24)
    at process.processTicksAndRejections (node:internal/process/task_queues:95:5)
2025-10-25 15:35:57 [ERROR]: uncaughtException: listen EADDRINUSE: address already in use :::3000
Error: listen EADDRINUSE: address already in use :::3000
    at Server.setupListenHandle [as _listen2] (node:net:1380:16)
    at listenInCluster (node:net:1428:12)
    at Server.listen (node:net:1516:7)
    at Function.listen (/home/dragon/telcalling_v1/node_modules/express/lib/application.js:635:24)
    at startServer (/home/dragon/telcalling_v1/index.js:296:24)
    at process.processTicksAndRejections (node:internal/process/task_queues:95:5) | {"error":{"code":"EADDRINUSE","errno":-98,"syscall":"listen","address":"::","port":3000},"exception":true,"date":"Sat Oct 25 2025 15:35:57 GMT+0530 (India Standard Time)","process":{"pid":73209,"uid":1000,"gid":1000,"cwd":"/home/dragon/telcalling_v1","execPath":"/home/dragon/.nvm/versions/node/v18.0.0/bin/node","version":"v18.0.0","argv":["/home/dragon/.nvm/versions/node/v18.0.0/bin/node","/home/dragon/telcalling_v1/index.js"],"memoryUsage":{"rss":107945984,"heapTotal":73867264,"heapUsed":38665032,"external":22137269,"arrayBuffers":21348890}},"os":{"loadavg":[2.6,2.19,2.33],"uptime":15163.97},"trace":[{"column":16,"file":"node:net","function":"Server.setupListenHandle [as _listen2]","line":1380,"method":"setupListenHandle [as _listen2]","native":false},{"column":12,"file":"node:net","function":"listenInCluster","line":1428,"method":null,"native":false},{"column":7,"file":"node:net","function":"Server.listen","line":1516,"method":"listen","native":false},{"column":24,"file":"/home/dragon/telcalling_v1/node_modules/express/lib/application.js","function":"Function.listen","line":635,"method":"listen","native":false},{"column":24,"file":"/home/dragon/telcalling_v1/index.js","function":"startServer","line":296,"method":null,"native":false},{"column":5,"file":"node:internal/process/task_queues","function":"process.processTicksAndRejections","line":95,"method":"processTicksAndRejections","native":false}]}
Error: listen EADDRINUSE: address already in use :::3000
    at Server.setupListenHandle [as _listen2] (node:net:1380:16)
    at listenInCluster (node:net:1428:12)
    at Server.listen (node:net:1516:7)
    at Function.listen (/home/dragon/telcalling_v1/node_modules/express/lib/application.js:635:24)
    at startServer (/home/dragon/telcalling_v1/index.js:296:24)
    at process.processTicksAndRejections (node:internal/process/task_queues:95:5)
2025-10-25 15:36:17 [ERROR]: uncaughtException: listen EADDRINUSE: address already in use :::3000
Error: listen EADDRINUSE: address already in use :::3000
    at Server.setupListenHandle [as _listen2] (node:net:1380:16)
    at listenInCluster (node:net:1428:12)
    at Server.listen (node:net:1516:7)
    at Function.listen (/home/dragon/telcalling_v1/node_modules/express/lib/application.js:635:24)
    at startServer (/home/dragon/telcalling_v1/index.js:296:24)
    at process.processTicksAndRejections (node:internal/process/task_queues:95:5) | {"error":{"code":"EADDRINUSE","errno":-98,"syscall":"listen","address":"::","port":3000},"exception":true,"date":"Sat Oct 25 2025 15:36:17 GMT+0530 (India Standard Time)","process":{"pid":73441,"uid":1000,"gid":1000,"cwd":"/home/dragon/telcalling_v1","execPath":"/home/dragon/.nvm/versions/node/v18.0.0/bin/node","version":"v18.0.0","argv":["/home/dragon/.nvm/versions/node/v18.0.0/bin/node","/home/dragon/telcalling_v1/index.js"],"memoryUsage":{"rss":108023808,"heapTotal":74129408,"heapUsed":39098224,"external":22137770,"arrayBuffers":21349391}},"os":{"loadavg":[2.17,2.11,2.3],"uptime":15184.05},"trace":[{"column":16,"file":"node:net","function":"Server.setupListenHandle [as _listen2]","line":1380,"method":"setupListenHandle [as _listen2]","native":false},{"column":12,"file":"node:net","function":"listenInCluster","line":1428,"method":null,"native":false},{"column":7,"file":"node:net","function":"Server.listen","line":1516,"method":"listen","native":false},{"column":24,"file":"/home/dragon/telcalling_v1/node_modules/express/lib/application.js","function":"Function.listen","line":635,"method":"listen","native":false},{"column":24,"file":"/home/dragon/telcalling_v1/index.js","function":"startServer","line":296,"method":null,"native":false},{"column":5,"file":"node:internal/process/task_queues","function":"process.processTicksAndRejections","line":95,"method":"processTicksAndRejections","native":false}]}
Error: listen EADDRINUSE: address already in use :::3000
    at Server.setupListenHandle [as _listen2] (node:net:1380:16)
    at listenInCluster (node:net:1428:12)
    at Server.listen (node:net:1516:7)
    at Function.listen (/home/dragon/telcalling_v1/node_modules/express/lib/application.js:635:24)
    at startServer (/home/dragon/telcalling_v1/index.js:296:24)
    at process.processTicksAndRejections (node:internal/process/task_queues:95:5)
2025-10-25 15:36:24 [ERROR]: uncaughtException: listen EADDRINUSE: address already in use :::3000
Error: listen EADDRINUSE: address already in use :::3000
    at Server.setupListenHandle [as _listen2] (node:net:1380:16)
    at listenInCluster (node:net:1428:12)
    at Server.listen (node:net:1516:7)
    at Function.listen (/home/dragon/telcalling_v1/node_modules/express/lib/application.js:635:24)
    at startServer (/home/dragon/telcalling_v1/index.js:296:24)
    at process.processTicksAndRejections (node:internal/process/task_queues:95:5) | {"error":{"code":"EADDRINUSE","errno":-98,"syscall":"listen","address":"::","port":3000},"exception":true,"date":"Sat Oct 25 2025 15:36:24 GMT+0530 (India Standard Time)","process":{"pid":73637,"uid":1000,"gid":1000,"cwd":"/home/dragon/telcalling_v1","execPath":"/home/dragon/.nvm/versions/node/v18.0.0/bin/node","version":"v18.0.0","argv":["/home/dragon/.nvm/versions/node/v18.0.0/bin/node","/home/dragon/telcalling_v1/index.js"],"memoryUsage":{"rss":108208128,"heapTotal":73605120,"heapUsed":38450000,"external":22137269,"arrayBuffers":21348890}},"os":{"loadavg":[2.15,2.11,2.3],"uptime":15191.37},"trace":[{"column":16,"file":"node:net","function":"Server.setupListenHandle [as _listen2]","line":1380,"method":"setupListenHandle [as _listen2]","native":false},{"column":12,"file":"node:net","function":"listenInCluster","line":1428,"method":null,"native":false},{"column":7,"file":"node:net","function":"Server.listen","line":1516,"method":"listen","native":false},{"column":24,"file":"/home/dragon/telcalling_v1/node_modules/express/lib/application.js","function":"Function.listen","line":635,"method":"listen","native":false},{"column":24,"file":"/home/dragon/telcalling_v1/index.js","function":"startServer","line":296,"method":null,"native":false},{"column":5,"file":"node:internal/process/task_queues","function":"process.processTicksAndRejections","line":95,"method":"processTicksAndRejections","native":false}]}
Error: listen EADDRINUSE: address already in use :::3000
    at Server.setupListenHandle [as _listen2] (node:net:1380:16)
    at listenInCluster (node:net:1428:12)
    at Server.listen (node:net:1516:7)
    at Function.listen (/home/dragon/telcalling_v1/node_modules/express/lib/application.js:635:24)
    at startServer (/home/dragon/telcalling_v1/index.js:296:24)
    at process.processTicksAndRejections (node:internal/process/task_queues:95:5)
2025-10-25 15:36:34 [ERROR]: uncaughtException: listen EADDRINUSE: address already in use :::3000
Error: listen EADDRINUSE: address already in use :::3000
    at Server.setupListenHandle [as _listen2] (node:net:1380:16)
    at listenInCluster (node:net:1428:12)
    at Server.listen (node:net:1516:7)
    at Function.listen (/home/dragon/telcalling_v1/node_modules/express/lib/application.js:635:24)
    at startServer (/home/dragon/telcalling_v1/index.js:296:24)
    at process.processTicksAndRejections (node:internal/process/task_queues:95:5) | {"error":{"code":"EADDRINUSE","errno":-98,"syscall":"listen","address":"::","port":3000},"exception":true,"date":"Sat Oct 25 2025 15:36:34 GMT+0530 (India Standard Time)","process":{"pid":73834,"uid":1000,"gid":1000,"cwd":"/home/dragon/telcalling_v1","execPath":"/home/dragon/.nvm/versions/node/v18.0.0/bin/node","version":"v18.0.0","argv":["/home/dragon/.nvm/versions/node/v18.0.0/bin/node","/home/dragon/telcalling_v1/index.js"],"memoryUsage":{"rss":109367296,"heapTotal":73867264,"heapUsed":38739432,"external":22137269,"arrayBuffers":21348890}},"os":{"loadavg":[2.84,2.26,2.34],"uptime":15201.11},"trace":[{"column":16,"file":"node:net","function":"Server.setupListenHandle [as _listen2]","line":1380,"method":"setupListenHandle [as _listen2]","native":false},{"column":12,"file":"node:net","function":"listenInCluster","line":1428,"method":null,"native":false},{"column":7,"file":"node:net","function":"Server.listen","line":1516,"method":"listen","native":false},{"column":24,"file":"/home/dragon/telcalling_v1/node_modules/express/lib/application.js","function":"Function.listen","line":635,"method":"listen","native":false},{"column":24,"file":"/home/dragon/telcalling_v1/index.js","function":"startServer","line":296,"method":null,"native":false},{"column":5,"file":"node:internal/process/task_queues","function":"process.processTicksAndRejections","line":95,"method":"processTicksAndRejections","native":false}]}
Error: listen EADDRINUSE: address already in use :::3000
    at Server.setupListenHandle [as _listen2] (node:net:1380:16)
    at listenInCluster (node:net:1428:12)
    at Server.listen (node:net:1516:7)
    at Function.listen (/home/dragon/telcalling_v1/node_modules/express/lib/application.js:635:24)
    at startServer (/home/dragon/telcalling_v1/index.js:296:24)
    at process.processTicksAndRejections (node:internal/process/task_queues:95:5)
2025-10-25 15:36:37 [ERROR]: uncaughtException: listen EADDRINUSE: address already in use :::3000
Error: listen EADDRINUSE: address already in use :::3000
    at Server.setupListenHandle [as _listen2] (node:net:1380:16)
    at listenInCluster (node:net:1428:12)
    at Server.listen (node:net:1516:7)
    at Function.listen (/home/dragon/telcalling_v1/node_modules/express/lib/application.js:635:24)
    at startServer (/home/dragon/telcalling_v1/index.js:296:24)
    at process.processTicksAndRejections (node:internal/process/task_queues:95:5) | {"error":{"code":"EADDRINUSE","errno":-98,"syscall":"listen","address":"::","port":3000},"exception":true,"date":"Sat Oct 25 2025 15:36:37 GMT+0530 (India Standard Time)","process":{"pid":73911,"uid":1000,"gid":1000,"cwd":"/home/dragon/telcalling_v1","execPath":"/home/dragon/.nvm/versions/node/v18.0.0/bin/node","version":"v18.0.0","argv":["/home/dragon/.nvm/versions/node/v18.0.0/bin/node","/home/dragon/telcalling_v1/index.js"],"memoryUsage":{"rss":108728320,"heapTotal":73867264,"heapUsed":38690896,"external":22137269,"arrayBuffers":21348890}},"os":{"loadavg":[3.09,2.32,2.36],"uptime":15203.87},"trace":[{"column":16,"file":"node:net","function":"Server.setupListenHandle [as _listen2]","line":1380,"method":"setupListenHandle [as _listen2]","native":false},{"column":12,"file":"node:net","function":"listenInCluster","line":1428,"method":null,"native":false},{"column":7,"file":"node:net","function":"Server.listen","line":1516,"method":"listen","native":false},{"column":24,"file":"/home/dragon/telcalling_v1/node_modules/express/lib/application.js","function":"Function.listen","line":635,"method":"listen","native":false},{"column":24,"file":"/home/dragon/telcalling_v1/index.js","function":"startServer","line":296,"method":null,"native":false},{"column":5,"file":"node:internal/process/task_queues","function":"process.processTicksAndRejections","line":95,"method":"processTicksAndRejections","native":false}]}
Error: listen EADDRINUSE: address already in use :::3000
    at Server.setupListenHandle [as _listen2] (node:net:1380:16)
    at listenInCluster (node:net:1428:12)
    at Server.listen (node:net:1516:7)
    at Function.listen (/home/dragon/telcalling_v1/node_modules/express/lib/application.js:635:24)
    at startServer (/home/dragon/telcalling_v1/index.js:296:24)
    at process.processTicksAndRejections (node:internal/process/task_queues:95:5)
2025-10-25 15:43:21 [ERROR]: uncaughtException: listen EADDRINUSE: address already in use :::3000
Error: listen EADDRINUSE: address already in use :::3000
    at Server.setupListenHandle [as _listen2] (node:net:1380:16)
    at listenInCluster (node:net:1428:12)
    at Server.listen (node:net:1516:7)
    at Function.listen (/home/dragon/telcalling_v1/node_modules/express/lib/application.js:635:24)
    at startServer (/home/dragon/telcalling_v1/index.js:296:24)
    at process.processTicksAndRejections (node:internal/process/task_queues:95:5) | {"error":{"code":"EADDRINUSE","errno":-98,"syscall":"listen","address":"::","port":3000},"exception":true,"date":"Sat Oct 25 2025 15:43:21 GMT+0530 (India Standard Time)","process":{"pid":77519,"uid":1000,"gid":1000,"cwd":"/home/dragon/telcalling_v1","execPath":"/home/dragon/.nvm/versions/node/v18.0.0/bin/node","version":"v18.0.0","argv":["/home/dragon/.nvm/versions/node/v18.0.0/bin/node","/home/dragon/telcalling_v1/index.js"],"memoryUsage":{"rss":107589632,"heapTotal":74129408,"heapUsed":38755056,"external":22137269,"arrayBuffers":21348890}},"os":{"loadavg":[2.44,2.1,2.23],"uptime":15608.1},"trace":[{"column":16,"file":"node:net","function":"Server.setupListenHandle [as _listen2]","line":1380,"method":"setupListenHandle [as _listen2]","native":false},{"column":12,"file":"node:net","function":"listenInCluster","line":1428,"method":null,"native":false},{"column":7,"file":"node:net","function":"Server.listen","line":1516,"method":"listen","native":false},{"column":24,"file":"/home/dragon/telcalling_v1/node_modules/express/lib/application.js","function":"Function.listen","line":635,"method":"listen","native":false},{"column":24,"file":"/home/dragon/telcalling_v1/index.js","function":"startServer","line":296,"method":null,"native":false},{"column":5,"file":"node:internal/process/task_queues","function":"process.processTicksAndRejections","line":95,"method":"processTicksAndRejections","native":false}]}
Error: listen EADDRINUSE: address already in use :::3000
    at Server.setupListenHandle [as _listen2] (node:net:1380:16)
    at listenInCluster (node:net:1428:12)
    at Server.listen (node:net:1516:7)
    at Function.listen (/home/dragon/telcalling_v1/node_modules/express/lib/application.js:635:24)
    at startServer (/home/dragon/telcalling_v1/index.js:296:24)
    at process.processTicksAndRejections (node:internal/process/task_queues:95:5)
2025-10-25 15:54:18 [ERROR]: uncaughtException: listen EADDRINUSE: address already in use :::3000
Error: listen EADDRINUSE: address already in use :::3000
    at Server.setupListenHandle [as _listen2] (node:net:1380:16)
    at listenInCluster (node:net:1428:12)
    at Server.listen (node:net:1516:7)
    at Function.listen (/home/dragon/telcalling_v1/node_modules/express/lib/application.js:635:24)
    at startServer (/home/dragon/telcalling_v1/index.js:296:24)
    at process.processTicksAndRejections (node:internal/process/task_queues:95:5) | {"error":{"code":"EADDRINUSE","errno":-98,"syscall":"listen","address":"::","port":3000},"exception":true,"date":"Sat Oct 25 2025 15:54:18 GMT+0530 (India Standard Time)","process":{"pid":87894,"uid":1000,"gid":1000,"cwd":"/home/dragon/telcalling_v1","execPath":"/home/dragon/.nvm/versions/node/v18.0.0/bin/node","version":"v18.0.0","argv":["/home/dragon/.nvm/versions/node/v18.0.0/bin/node","/home/dragon/telcalling_v1/index.js"],"memoryUsage":{"rss":108105728,"heapTotal":73605120,"heapUsed":38660256,"external":22137269,"arrayBuffers":21348890}},"os":{"loadavg":[2.91,1.81,1.89],"uptime":16264.64},"trace":[{"column":16,"file":"node:net","function":"Server.setupListenHandle [as _listen2]","line":1380,"method":"setupListenHandle [as _listen2]","native":false},{"column":12,"file":"node:net","function":"listenInCluster","line":1428,"method":null,"native":false},{"column":7,"file":"node:net","function":"Server.listen","line":1516,"method":"listen","native":false},{"column":24,"file":"/home/dragon/telcalling_v1/node_modules/express/lib/application.js","function":"Function.listen","line":635,"method":"listen","native":false},{"column":24,"file":"/home/dragon/telcalling_v1/index.js","function":"startServer","line":296,"method":null,"native":false},{"column":5,"file":"node:internal/process/task_queues","function":"process.processTicksAndRejections","line":95,"method":"processTicksAndRejections","native":false}]}
Error: listen EADDRINUSE: address already in use :::3000
    at Server.setupListenHandle [as _listen2] (node:net:1380:16)
    at listenInCluster (node:net:1428:12)
    at Server.listen (node:net:1516:7)
    at Function.listen (/home/dragon/telcalling_v1/node_modules/express/lib/application.js:635:24)
    at startServer (/home/dragon/telcalling_v1/index.js:296:24)
    at process.processTicksAndRejections (node:internal/process/task_queues:95:5)
